
> fruit-td@1.1.0 build
> tsc --noEmit && vite build && node scripts/bundle-api.mjs

vite v6.4.3 building for production...
transforming...
✓ 2233 modules transformed.
rendering chunks...
computing gzip size...
dist/assets/equip-screen-move-2-_pnJMo0E.wav             4.40 kB
dist/assets/equip-screen-move-1-B2ESVe7Z.wav             4.40 kB
dist/assets/equip-screen-move-3-CDhphlQA.wav             5.42 kB
dist/assets/Bonus-count-up-DuaBKrLo.wav                  6.45 kB
dist/assets/Next-screen-button-C99Ki1jH.wav              6.45 kB
dist/assets/popup-5-CI6iO7uO.wav                         7.47 kB
dist/assets/popup-6-HA4Akr_X.wav                         7.47 kB
dist/assets/popup-7-78t17Dqf.wav                         7.47 kB
dist/assets/popup-8-D_syVbCd.wav                         7.47 kB
dist/assets/store-fruit-slice-BzGlhMAE.wav               8.24 kB
dist/assets/popup-1-CaeOkTaD.wav                         8.49 kB
dist/assets/popup-2-DS3VOioQ.wav                         8.49 kB
dist/assets/popup-3-C-R6fDVT.wav                         8.49 kB
dist/assets/popup-4-D7waBYha.wav                         8.49 kB
dist/assets/progress-count-CLnh8byM.wav                  8.62 kB
dist/assets/silencio-DQ6xb0K1.wav                        9.39 kB
dist/assets/gutsus-shop-scroll-DUeTYjyx.wav             10.41 kB
dist/assets/Impact-kiwifruit-BRsmxMXR.wav               11.31 kB
dist/assets/pixel-swipe-3-DBfYpPKw.wav                  11.31 kB
dist/assets/Impact-Strawberry-BVk6AUVe.wav              11.44 kB
dist/assets/ui-screen-whoosh-Bl8VyKKo.wav               11.44 kB
dist/assets/time-beep-CYxaClX1.wav                      11.57 kB
dist/assets/pixel-impact-2-BB2KtG04.wav                 12.08 kB
dist/assets/bamboo-impact-4-5k8cLQH_.wav                12.85 kB
dist/assets/pixel-impact-1-Bk55r_ar.wav                 14.13 kB
dist/assets/pixel-swipe-1-DNjCiieZ.wav                  14.38 kB
dist/assets/bamboo-impact-3-k1so2MVL.wav                14.89 kB
dist/assets/bamboo-swipe-4-DCJr3eRY.wav                 14.89 kB
dist/assets/pixel-swipe-4-BB0giuZB.wav                  14.89 kB
dist/assets/Sword-swipe-4-BAI2mvw7.wav                  15.02 kB
dist/assets/pixel-impact-4-C57trMy-.wav                 15.15 kB
dist/assets/impact-music-2-CYZ1fqou.wav                 15.66 kB
dist/assets/pixel-impact-5-DCiyTGL1.wav                 15.66 kB
dist/assets/gutsus-shop-button-tap-Bzm5sCT_.wav         16.05 kB
dist/assets/impact-music-1-8FY2hMjI.wav                 16.17 kB
dist/assets/impact-music-5-DZQCcqnb.wav                 16.69 kB
dist/assets/bamboo-impact-1-DfusJVi1.wav                16.94 kB
dist/assets/bamboo-impact-2-C1lCDIyr.wav                17.45 kB
dist/assets/bamboo-swipe-3-BmBoK815.wav                 17.45 kB
dist/assets/gank-vx0vVYkx.wav                           17.71 kB
dist/assets/impact-music-3-DesjkQ-A.wav                 17.71 kB
dist/assets/pixel-impact-3-DWkCo5mt.wav                 17.71 kB
dist/assets/pixel-swipe-2-Lg-NMeuS.wav                  17.71 kB
dist/assets/Pause-B_M9SfeD.wav                          17.84 kB
dist/assets/Sword-swipe-5-DQFL5jLq.wav                  18.09 kB
dist/assets/Sword-swipe-7-_7fK1Lq4.wav                  18.09 kB
dist/assets/equip-locked-xU29XM7J.wav                   18.22 kB
dist/assets/impact-music-4-BlIHr990.wav                 18.22 kB
dist/assets/impact-music-6-Bl5g5ZLG.wav                 18.73 kB
dist/assets/Sword-swipe-2-BlpZOP_Q.wav                  18.86 kB
dist/assets/Sword-swipe-3-uHIfrjrr.wav                  18.86 kB
dist/assets/bamboo-swipe-1-wxEJLcn_.wav                 18.99 kB
dist/assets/Sword-swipe-6-B5J0Xd_a.wav                  19.12 kB
dist/assets/pome-slice-2-B-E7Ogma.wav                   19.89 kB
dist/assets/ui-button-push-wTXajhXS.wav                 19.89 kB
dist/assets/bamboo-swipe-2-CO49pZgP.wav                 20.53 kB
dist/assets/Clean-Slice-3--keaCAC2.wav                  20.65 kB
dist/assets/Impact-Banana-CpLLVhs6.wav                  20.65 kB
dist/assets/impact-music-7-DJGBgumv.wav                 21.81 kB
dist/assets/pome-slice-3-BN1BM5YC.wav                   21.93 kB
dist/assets/Clean-Slice-1-DGuPBO5V.wav                  22.19 kB
dist/assets/gutsus-shop-section-enter-79FA9GZa.wav      23.21 kB
dist/assets/Throw-bomb-Bqk4r78B.wav                     23.34 kB
dist/assets/Visceral-impact-3-C92Tauei.wav              24.49 kB
dist/assets/Clean-Slice-2-BdhDzaML.wav                  25.26 kB
dist/assets/Sword-swipe-1-CjdFc9eD.wav                  25.52 kB
dist/assets/pome-slice-1-2bgHbGoa.wav                   26.29 kB
dist/assets/Impact-Pineapple-ClUjUb8j.wav               26.54 kB
dist/assets/Visceral-impact-1-Ka6SKrgB.wav              26.54 kB
dist/assets/Unpause-CQuKaQjq.wav                        28.08 kB
dist/assets/blade-ink-1-kjgGeGjs.wav                    28.33 kB
dist/assets/Impact-Plum-B2-rnfDv.wav                    29.87 kB
dist/assets/blade-ink-4-DsawdPUQ.wav                    29.87 kB
dist/assets/Impact-Orange-BvfeueqL.wav                  30.38 kB
dist/assets/blade-ink-5-CdgGysTh.wav                    31.41 kB
dist/assets/Impact-Watermelon-m7ch0iYp.wav              31.92 kB
dist/assets/blade-cherry-blossom-1-3-Bvmws8lv.wav       32.17 kB
dist/assets/achievement-BWkKMqE5.wav                    32.56 kB
dist/assets/Visceral-impact-2-DPtXLKfM.wav              33.45 kB
dist/assets/Bonus-Explosion-1-eeoxkH3T.wav              33.58 kB
dist/assets/Bonus-Explosion-3-Byl6dnLg.wav              33.58 kB
dist/assets/Bonus-Explosion-5-C35brAhO.wav              33.58 kB
dist/assets/Critical-DBDBHRPQ.wav                       34.09 kB
dist/assets/blade-ink-3-D2fdezJY.wav                    34.22 kB
dist/assets/blade-cherry-blossom-1-4-CSC_YqMe.wav       34.48 kB
dist/assets/Throw-fruit-VboMn0bo.wav                    34.61 kB
dist/assets/blade-ink-2-DjPBbriV.wav                    35.25 kB
dist/assets/player-bomb-ready-B6NWwoxE.wav              35.63 kB
dist/assets/blade-cherry-blossom-1-2-DlLcdvBd.wav       36.53 kB
dist/assets/firecracker-blade-swipe-1-ygCV7mL4.wav      36.53 kB
dist/assets/firecracker-blade-swipe-3-CIyMt7Ae.wav      36.53 kB
dist/assets/blade-water-1-CgHSPKPC.wav                  37.04 kB
dist/assets/gutsus-shop-crate-chop-DTxleqRn.wav         38.57 kB
dist/assets/pome-zoomout-DIFo62Bw.wav                   40.24 kB
dist/assets/blade-rainbow-4-xS_15DEl.wav                40.37 kB
dist/assets/blade-rainbow-1-B5okS2DH.wav                40.62 kB
dist/assets/firecracker-blade-swipe-2-FuqZLTTE.wav      40.62 kB
dist/assets/firecracker-blade-swipe-4-TuWVHaNv.wav      40.62 kB
dist/assets/firecracker-blade-swipe-5-X0-a-59S.wav      40.62 kB
dist/assets/combo-1-BdHE_DX9.wav                        41.26 kB
dist/assets/blade-water-impact-1-DoGPedoh.wav           41.65 kB
dist/assets/Bonus-Banana-X2-Bs41nYDl.wav                41.77 kB
dist/assets/angel-combo-3-KT0qALaM.wav                  41.77 kB
dist/assets/blade-dragon-impact-3-DQ-aah0x.wav          42.41 kB
dist/assets/blade-dragon-impact-2-DAt6aVL6.wav          43.18 kB
dist/assets/blade-water-impact-2-uHVo3zHq.wav           43.18 kB
dist/assets/firecracker-blade-slice-1-CBHkHnuT.wav      43.18 kB
dist/assets/Splatter-Medium-2-Cqw5KvcC.wav              43.44 kB
dist/assets/Bonus-Firework-Explode-D_xyQUFU.wav         43.82 kB
dist/assets/Bonus-Firework-Launch-Ci8o4YKu.wav          44.33 kB
dist/assets/blade-rainbow-3-Sii7lanw.wav                44.46 kB
dist/assets/blade-water-impact-3-C75CSetV.wav           44.46 kB
dist/assets/blade-rainbow-5-lEGAP4KR.wav                44.72 kB
dist/assets/blade-water-4-DLZINZ5y.wav                  44.72 kB
dist/assets/player-bomb-launch-b_iBquTU.wav             45.36 kB
dist/assets/blade-dragon-impact-1-DRsEBOpB.wav          45.74 kB
dist/assets/firecracker-blade-slice-2-LTi4Lx5U.wav      45.74 kB
dist/assets/gutsus-shop-impact-BFYlFg4B.wav             46.25 kB
dist/assets/blade-water-2-CAgDpSvN.wav                  46.51 kB
dist/assets/blade-rainbow-2-Gr-X6qqx.wav                46.77 kB
dist/assets/angel-combo-2-DOkSZpnB.wav                  46.89 kB
dist/assets/angel-combo-5-USr6IPl2.wav                  46.89 kB
dist/assets/firecracker-blade-slice-3-B5vw7e-S.wav      47.28 kB
dist/assets/angel-combo-4-CpW2B-_v.wav                  47.41 kB
dist/assets/combo-4-s2d3m8ac.wav                        48.43 kB
dist/assets/blade-cherry-blossom-1-1-Cpl92J4r.wav       48.81 kB
dist/assets/combo-3-DUCu30hf.wav                        48.94 kB
dist/assets/blade-water-5-Cjli-rdL.wav                  49.07 kB
dist/assets/angel-combo-1-BIcGJoer.wav                  49.45 kB
dist/assets/menu-bomb-BC71xE61.wav                      49.45 kB
dist/assets/Combo-8-Dmmpf-8U.wav                        50.48 kB
dist/assets/Splatter-Small-2-ONxtWHCr.wav               50.86 kB
dist/assets/blade-lightning-3-tEGHsqCC.wav              51.37 kB
dist/assets/blade-water-3-3Py3RtyO.wav                  52.40 kB
dist/assets/pome-lp-Cugo5byk.wav                        52.53 kB
dist/assets/blade-lightning-5-CW8pIsRf.wav              52.91 kB
dist/assets/combo-blitz-5-By0S-kok.wav                  53.04 kB
dist/assets/combo-blitz-2-DTWqyHcY.wav                  53.55 kB
dist/assets/combo-blitz-3-DQr6xIda.wav                  53.55 kB
dist/assets/combo-blitz-4-ni9ECMHG.wav                  53.55 kB
dist/assets/combo-blitz-6-z2jN_1R4.wav                  53.55 kB
dist/assets/blade-dragon-swipe-8-Cu7IS-dQ.wav           53.68 kB
dist/assets/Splatter-Small-1-e1qP0fvH.wav               54.45 kB
dist/assets/Combo-6-DiCnOre0.wav                        54.57 kB
dist/assets/combo-5-BjS5OdxF.wav                        54.57 kB
dist/assets/Impact-Apple-oWRnILnt.wav                   54.70 kB
dist/assets/item-increment-D4BvgD8n.wav                 54.96 kB
dist/assets/Combo-7-DuglnBYe.wav                        55.60 kB
dist/assets/combo-2-cTI8cfW4.wav                        55.60 kB
dist/assets/Upsell-whoosh-w6ahKpiL.wav                  56.11 kB
dist/assets/blade-dragon-swipe-7-BrMGLktH.wav           56.49 kB
dist/assets/blade-dragon-swipe-1-QQdEZER5.wav           56.75 kB
dist/assets/Impact-Coconut-BJ_TDtGV.wav                 59.05 kB
dist/assets/Impact-Coconut-More-Attack-DwjdUjBk.wav     59.05 kB
dist/assets/blade-lightning-4-OcwHPvjk.wav              59.05 kB
dist/assets/blade-dragon-swipe-5-CCBkSntS.wav           60.85 kB
dist/assets/combo-blitz-1-CltUJQ5z.wav                  61.74 kB
dist/assets/menu-hd-appear-BWw1kaP5.wav                 62.77 kB
dist/assets/blade-cloud-1-2-5vA2utna.wav                62.89 kB
dist/assets/blade-dragon-swipe-3-Zd-JvDHi.wav           64.69 kB
dist/assets/blade-dragon-swipe-4-lnC3axSC.wav           65.45 kB
dist/assets/powerup-deflect-explode-DndxidXy.wav        66.22 kB
dist/assets/blade-dragon-swipe-2-x0-cyrgk.wav           66.99 kB
dist/assets/powerup-deflect-tODMOfVz.wav                67.25 kB
dist/assets/New-best-score-CJLRqxFl.wav                 67.89 kB
dist/assets/Pulp-drip-1-C7c7L9gV.wav                    68.53 kB
dist/assets/Bonus-Banana-Frenzy-Dsa4bSG1.wav            69.93 kB
dist/assets/Splatter-Medium-1-zLaomwqR.wav              70.06 kB
dist/assets/equip-new-wallpaper-CHccaK9a.wav            72.49 kB
dist/assets/blade-dragon-swipe-6-CvbohQ_o.wav           75.44 kB
dist/assets/equip-new-sword-Cs5KIGP4.wav                75.57 kB
dist/assets/dragonfruit-BgOn8J07.wav                    77.61 kB
dist/assets/Bonus-Banana-Freeze-GNPwMl5Z.wav            78.64 kB
dist/assets/powerup-strawberry-fly-LX3SF6q5.wav         79.15 kB
dist/assets/blade-lightning-2-CFgJD9A9.wav              83.63 kB
dist/assets/progress-complete-Da3gsVOr.wav              84.65 kB
dist/assets/Pulp-drip-2-kOEUtdkS.wav                    87.21 kB
dist/assets/blade-cloud-1-4-CtamKcqF.wav                87.73 kB
dist/assets/blade-cloud-1-3-RxT8TWIu.wav                90.03 kB
dist/assets/Combo-ChOHO6y1.wav                          90.41 kB
dist/assets/powerup-peach-BLCs1NeI.wav                  91.05 kB
dist/assets/time-up-Byd25h6o.wav                        92.97 kB
dist/assets/blade-lightning-1-EXEyUHL2.wav              93.10 kB
dist/assets/powerup-starfruit-eIc94cv8.wav              94.25 kB
dist/assets/powerup-peach-fly-BnThnzt2.wav              95.15 kB
dist/assets/blade-cloud-1-1-C22mTOnU.wav                97.45 kB
dist/assets/pome-rampdown-DaEnzSRs.wav                 100.53 kB
dist/assets/powerup-strawberry-C33xcCxs.wav            103.34 kB
dist/assets/Combo-Blitz-Backing-End-CFYyR5Jr.wav       107.05 kB
dist/assets/Bonus-drum-roll-CmsUEPwJ.wav               107.57 kB
dist/index.html                                        130.82 kB │ gzip:  23.41 kB
dist/assets/Game-start-CSkXg8cB.wav                    132.40 kB
dist/assets/equip-unlock-DS_dPYn6.wav                  152.88 kB
dist/assets/fruit-atlas-B6ottPw0.jpg                   156.22 kB
dist/assets/extra-life-CE0anI7z.wav                    178.73 kB
dist/assets/Bomb-explode-Q1PYzbka.wav                  193.84 kB
dist/assets/starfruit-buy-CAbfk4RU.wav                 212.65 kB
dist/assets/ui-starfruit-buy-lp-ErR3Lqxm.wav           263.60 kB
dist/assets/powerup-starfruit-appear-CmxLHANh.wav      293.68 kB
dist/assets/Combo-Blitz-Backing-Light-gZjfeTSK.wav     303.15 kB
dist/assets/Combo-Blitz-Backing-pACitf9c.wav           303.15 kB
dist/assets/pome-burst-c9tHjTZ_.wav                    305.84 kB
dist/assets/firecracker-blade-burn-BJ3PQvAt.wav        320.69 kB
dist/assets/Game-over-BpN6QEPK.wav                     353.84 kB
dist/assets/Bomb-Fuse-BYuJ9Xr2.wav                     547.63 kB
dist/assets/orchard-siege-menu-CBACTAuQ.webp         1,714.83 kB
dist/assets/social-BZAiuPgx.css                         14.18 kB │ gzip:   3.39 kB
dist/assets/desktop-refresh-ShNg4aEj.css                28.77 kB │ gzip:   5.37 kB
dist/assets/index-D1I-_UgT.css                         411.14 kB │ gzip:  81.02 kB
dist/assets/campaignStoryOverlay-B-0xeQyI.js             0.61 kB │ gzip:   0.38 kB
dist/assets/progress-CJQtBnck.js                         1.62 kB │ gzip:   0.63 kB
dist/assets/news-BhgC2HKv.js                             1.62 kB │ gzip:   0.67 kB
dist/assets/leaderboards-CCjlfXJT.js                     1.94 kB │ gzip:   1.00 kB
dist/assets/settings-DarATQ16.js                         2.40 kB │ gzip:   0.96 kB
dist/assets/bladePreview-BQVW2yKP.js                     2.59 kB │ gzip:   1.18 kB
dist/assets/campaign-DttvsLZt.js                         3.68 kB │ gzip:   1.58 kB
dist/assets/onlineCoop--2Ti3xnG.js                       8.89 kB │ gzip:   3.87 kB
dist/assets/social-yFhHNOSN.js                          15.10 kB │ gzip:   4.82 kB
dist/assets/pvp-B4phVPV0.js                             24.71 kB │ gzip:   9.56 kB
dist/assets/pvpBattlefield-BIU3itZn.js                  29.95 kB │ gzip:  10.46 kB
dist/assets/admin-tHGyrdbz.js                          114.82 kB │ gzip:  32.76 kB
dist/assets/ably-BlTJ36Fh.js                           213.06 kB │ gzip:  58.61 kB
dist/assets/vendor-three-BgtKIDtf.js                   511.93 kB │ gzip: 128.65 kB
dist/assets/index-DVji-VcN.js                          526.97 kB │ gzip: 163.70 kB
✓ built in 9.86s
Bundled Vercel API → api/[...path].js
